2026-09-12 19:27:14.831 [main] INFO  Freerouting v1.9.0 (build-date: 2023-10-30)
2026-09-12 19:27:15.864 [main] INFO  Opening 'out/wherewatch-carrier.dsn'...
2026-09-12 19:27:16.236 [ForkJoinPool.commonPool-worker-1] INFO  New version available: v2.4.1
2026-09-12 19:27:38.022 [Thread-22] INFO  Starting auto-routing...
2026-09-12 19:27:43.287 [Thread-22] INFO  Auto-routing was completed in 5.26 seconds.
2026-09-12 19:27:43.393 [Thread-22] INFO  Starting route optimization on 1 thread...
2026-09-12 19:27:44.536 [Thread-22] INFO  Route optimization was completed in 1.14 seconds.
2026-09-12 19:27:44.542 [Thread-22] INFO  Saving 'out/route19.ses'...
2026-09-12 19:34:10.403 [main] INFO  Freerouting v1.9.0 (build-date: 2023-10-30)
2026-09-12 19:34:10.426 [main] INFO  Settings were loaded from freerouting.json
2026-09-12 19:34:11.440 [main] INFO  Opening 'out/wherewatch-carrier.dsn'...
2026-09-12 19:34:33.106 [Thread-22] INFO  Starting auto-routing...
2026-09-12 19:34:38.395 [Thread-22] WARN  There were only 19.25 changes in the last 20 passes, so it's very likely that autorouter can't improve the result much further. It is recommended to stop it and finish the board manually.
2026-09-12 19:34:39.985 [Thread-22] INFO  Auto-routing was completed in 6.88 seconds.
2026-09-12 19:34:40.090 [Thread-22] INFO  Starting route optimization on 1 thread...
2026-09-12 19:34:41.133 [Thread-22] INFO  Route optimization was completed in 1.04 seconds.
2026-09-12 19:34:41.138 [Thread-22] INFO  Saving 'out/route20.ses'...
2026-09-12 19:35:28.636 [main] INFO  Freerouting v1.9.0 (build-date: 2023-10-30)
2026-09-12 19:35:28.655 [main] INFO  Settings were loaded from freerouting.json
2026-09-12 19:35:29.661 [main] INFO  Opening 'out/wherewatch-carrier.dsn'...
2026-09-12 19:35:51.368 [Thread-22] INFO  Starting auto-routing...
2026-09-12 19:35:53.968 [Thread-22] INFO  Auto-routing was completed in 2.60 seconds.
2026-09-12 19:35:54.074 [Thread-22] INFO  Starting route optimization on 1 thread...
2026-09-12 19:35:55.374 [Thread-22] INFO  Route optimization was completed in 1.30 seconds.
2026-09-12 19:35:55.379 [Thread-22] INFO  Saving 'out/route21.ses'...
2026-09-12 19:37:49.423 [main] INFO  Freerouting v1.9.0 (build-date: 2023-10-30)
2026-09-12 19:37:49.440 [main] INFO  Settings were loaded from freerouting.json
2026-09-12 19:37:50.450 [main] INFO  Opening 'out/wherewatch-carrier.dsn'...
2026-09-12 19:38:12.068 [Thread-22] INFO  Starting auto-routing...
2026-09-12 19:38:15.121 [Thread-22] INFO  Auto-routing was completed in 3.05 seconds.
2026-09-12 19:38:15.226 [Thread-22] INFO  Starting route optimization on 1 thread...
2026-09-12 19:38:16.689 [Thread-22] INFO  Route optimization was completed in 1.46 seconds.
2026-09-12 19:38:16.695 [Thread-22] INFO  Saving 'out/route31.ses'...
2026-09-12 19:41:23.541 [main] INFO  Freerouting v1.9.0 (build-date: 2023-10-30)
2026-09-12 19:41:23.559 [main] INFO  Settings were loaded from freerouting.json
2026-09-12 19:41:24.571 [main] INFO  Opening 'out/wherewatch-carrier.dsn'...
2026-09-12 19:41:46.245 [Thread-22] INFO  Starting auto-routing...
2026-09-12 19:41:53.768 [Thread-22] INFO  Auto-routing was completed in 7.52 seconds.
2026-09-12 19:41:53.870 [Thread-22] INFO  Starting route optimization on 1 thread...
2026-09-12 19:41:54.970 [Thread-22] INFO  Route optimization was completed in 1.10 seconds.
2026-09-12 19:41:54.975 [Thread-22] INFO  Saving 'out/route40.ses'...
2026-09-12 19:42:16.820 [main] INFO  Freerouting v1.9.0 (build-date: 2023-10-30)
2026-09-12 19:42:16.837 [main] INFO  Settings were loaded from freerouting.json
2026-09-12 19:42:17.844 [main] INFO  Opening 'out/wherewatch-carrier.dsn'...
2026-09-12 19:42:39.617 [Thread-22] INFO  Starting auto-routing...
2026-09-12 19:43:56.013 [Thread-22] WARN  border_intersections: intersection_count (2) is too big!
2026-09-12 19:43:56.014 [Thread-22] WARN  border_intersections: intersection_count (2) is too big!
2026-09-12 19:43:56.016 [Thread-22] WARN  border_intersections: intersection_count (2) is too big!
2026-09-12 19:44:17.605 [Thread-22] INFO  Auto-routing was completed in 1 minute(s) 37.98 seconds.
2026-09-12 19:44:17.709 [Thread-22] INFO  Starting route optimization on 1 thread...
2026-09-12 19:44:18.686 [Thread-22] INFO  Route optimization was completed in 0.98 seconds.
2026-09-12 19:44:18.691 [Thread-22] INFO  Saving 'out/route50.ses'...
2026-09-12 19:44:37.275 [main] INFO  Freerouting v1.9.0 (build-date: 2023-10-30)
2026-09-12 19:44:37.291 [main] INFO  Settings were loaded from freerouting.json
2026-09-12 19:44:38.300 [main] INFO  Opening 'out/wherewatch-carrier.dsn'...
2026-09-12 19:44:59.839 [Thread-22] INFO  Starting auto-routing...
2026-09-12 19:46:05.532 [Thread-22] INFO  Auto-routing was completed in 1 minute(s) 5.69 seconds.
2026-09-12 19:46:05.638 [Thread-22] INFO  Starting route optimization on 1 thread...
2026-09-12 19:46:07.033 [Thread-22] INFO  Route optimization was completed in 1.39 seconds.
2026-09-12 19:46:07.038 [Thread-22] INFO  Saving 'out/route60.ses'...
2026-09-12 19:46:31.240 [main] INFO  Freerouting v1.9.0 (build-date: 2023-10-30)
2026-09-12 19:46:31.257 [main] INFO  Settings were loaded from freerouting.json
2026-09-12 19:46:32.268 [main] INFO  Opening 'out/wherewatch-carrier.dsn'...
2026-09-12 19:46:53.785 [Thread-28] INFO  Starting auto-routing...
2026-09-12 19:46:59.182 [Thread-28] INFO  Auto-routing was completed in 5.39 seconds.
2026-09-12 19:46:59.287 [Thread-28] INFO  Starting route optimization on 1 thread...
2026-09-12 19:47:00.477 [Thread-28] INFO  Route optimization was completed in 1.19 seconds.
2026-09-12 19:47:00.483 [Thread-28] INFO  Saving 'out/route70.ses'...
2026-09-12 19:47:31.571 [main] INFO  Freerouting v1.9.0 (build-date: 2023-10-30)
2026-09-12 19:47:31.588 [main] INFO  Settings were loaded from freerouting.json
2026-09-12 19:47:32.601 [main] INFO  Opening 'out/wherewatch-carrier.dsn'...
2026-09-12 19:47:54.542 [Thread-28] INFO  Starting auto-routing...
2026-09-12 19:48:00.950 [Thread-28] INFO  Auto-routing was completed in 6.41 seconds.
2026-09-12 19:48:01.056 [Thread-28] INFO  Starting route optimization on 1 thread...
2026-09-12 19:48:02.076 [Thread-28] INFO  Route optimization was completed in 1.02 seconds.
2026-09-12 19:48:02.080 [Thread-28] INFO  Saving 'out/route80.ses'...
2026-09-12 20:47:10.582 [main] INFO  Freerouting v1.9.0 (build-date: 2023-10-30)
2026-09-12 20:47:10.607 [main] INFO  Settings were loaded from freerouting.json
2026-09-12 20:47:11.621 [main] INFO  Opening 'out/wherewatch-carrier.dsn'...
2026-09-12 20:47:33.523 [Thread-28] INFO  Starting auto-routing...
2026-09-12 20:47:36.000 [Thread-28] INFO  Auto-routing was completed in 2.48 seconds.
2026-09-12 20:47:36.103 [Thread-28] INFO  Starting route optimization on 1 thread...
2026-09-12 20:47:37.338 [Thread-28] INFO  Route optimization was completed in 1.23 seconds.
2026-09-12 20:47:37.343 [Thread-28] INFO  Saving 'out/route90.ses'...
2026-09-12 21:07:55.808 [main] INFO  Freerouting v1.9.0 (build-date: 2023-10-30)
2026-09-12 21:07:55.831 [main] INFO  Settings were loaded from freerouting.json
2026-09-12 21:07:56.841 [main] INFO  Opening 'out/wherewatch-carrier.dsn'...
2026-09-12 21:08:18.561 [Thread-26] INFO  Starting auto-routing...
2026-09-12 21:08:20.701 [Thread-26] INFO  Auto-routing was completed in 2.14 seconds.
2026-09-12 21:08:20.806 [Thread-26] INFO  Starting route optimization on 1 thread...
2026-09-12 21:08:21.958 [Thread-26] INFO  Route optimization was completed in 1.15 seconds.
2026-09-12 21:08:21.963 [Thread-26] INFO  Saving 'out/routeA.ses'...
2026-09-12 21:12:38.053 [main] INFO  Freerouting v1.9.0 (build-date: 2023-10-30)
2026-09-12 21:12:38.080 [main] INFO  Settings were loaded from freerouting.json
2026-09-12 21:12:39.089 [main] INFO  Opening 'out/wherewatch-carrier.dsn'...
2026-09-12 21:12:39.446 [ForkJoinPool.commonPool-worker-1] INFO  New version available: v2.4.1
2026-09-12 21:13:01.734 [Thread-28] INFO  Starting auto-routing...
2026-09-12 21:13:06.218 [Thread-28] INFO  Auto-routing was completed in 4.48 seconds.
2026-09-12 21:13:06.320 [Thread-28] INFO  Starting route optimization on 1 thread...
2026-09-12 21:13:07.492 [Thread-28] INFO  Route optimization was completed in 1.17 seconds.
2026-09-12 21:13:07.497 [Thread-28] INFO  Saving 'out/routeA.ses'...
2026-09-12 21:14:42.946 [main] INFO  Freerouting v1.9.0 (build-date: 2023-10-30)
2026-09-12 21:14:42.973 [main] INFO  Settings were loaded from freerouting.json
2026-09-12 21:14:43.988 [main] INFO  Opening 'out/wherewatch-carrier.dsn'...
2026-09-12 21:14:44.199 [ForkJoinPool.commonPool-worker-1] INFO  New version available: v2.4.1
2026-09-12 21:15:06.476 [Thread-26] INFO  Starting auto-routing...
2026-09-12 21:15:09.834 [Thread-26] INFO  Auto-routing was completed in 3.36 seconds.
2026-09-12 21:15:09.938 [Thread-26] INFO  Starting route optimization on 1 thread...
2026-09-12 21:15:11.937 [Thread-26] INFO  Route optimization was completed in 2.00 seconds.
2026-09-12 21:15:11.944 [Thread-26] INFO  Saving 'out/routeA.ses'...
2026-09-12 21:17:04.195 [main] INFO  Freerouting v1.9.0 (build-date: 2023-10-30)
2026-09-12 21:17:04.214 [main] INFO  Settings were loaded from freerouting.json
2026-09-12 21:17:05.222 [main] INFO  Opening 'out/wherewatch-carrier.dsn'...
2026-09-12 21:17:05.430 [ForkJoinPool.commonPool-worker-1] INFO  New version available: v2.4.1
2026-09-12 21:17:27.078 [Thread-26] INFO  Starting auto-routing...
2026-09-12 21:17:33.645 [Thread-26] INFO  Auto-routing was completed in 6.57 seconds.
2026-09-12 21:17:33.750 [Thread-26] INFO  Starting route optimization on 1 thread...
2026-09-12 21:18:48.114 [Thread-26] INFO  Route optimization was completed in 1 minute(s) 14.36 seconds and it improved the design by ~55.01%.
2026-09-12 21:18:48.120 [Thread-26] INFO  Saving 'out/routeA.ses'...
2026-09-12 21:19:40.320 [main] INFO  Freerouting v1.9.0 (build-date: 2023-10-30)
2026-09-12 21:19:40.338 [main] INFO  Settings were loaded from freerouting.json
2026-09-12 21:19:41.347 [main] INFO  Opening 'out/wherewatch-carrier.dsn'...
2026-09-12 21:19:41.731 [ForkJoinPool.commonPool-worker-1] INFO  New version available: v2.4.1
2026-09-12 21:20:03.218 [Thread-26] INFO  Starting auto-routing...
2026-09-12 21:20:09.921 [Thread-26] INFO  Auto-routing was completed in 6.70 seconds.
2026-09-12 21:20:10.026 [Thread-26] INFO  Starting route optimization on 1 thread...
2026-09-12 21:22:52.345 [Thread-26] INFO  Route optimization was completed in 2 minute(s) 42.32 seconds and it improved the design by ~54.08%.
2026-09-12 21:22:52.351 [Thread-26] INFO  Saving 'out/routeA.ses'...
