2026-09-16 08:41:54.465 [main] INFO  Freerouting v1.9.0 (build-date: 2023-10-30)
2026-09-16 08:41:55.528 [main] INFO  Opening 'out/wherewatch-carrier.dsn'...
java.util.concurrent.CompletionException: java.lang.NullPointerException: Cannot invoke "com.google.gson.JsonElement.getAsString()" because the return value of "com.google.gson.JsonObject.get(String)" is null
	at java.base/java.util.concurrent.CompletableFuture.encodeThrowable(Unknown Source)
	at java.base/java.util.concurrent.CompletableFuture.completeThrowable(Unknown Source)
	at java.base/java.util.concurrent.CompletableFuture$UniAccept.tryFire(Unknown Source)
	at java.base/java.util.concurrent.CompletableFuture.postComplete(Unknown Source)
	at java.base/java.util.concurrent.CompletableFuture.postFire(Unknown Source)
	at java.base/java.util.concurrent.CompletableFuture$UniWhenComplete.tryFire(Unknown Source)
	at java.base/java.util.concurrent.CompletableFuture$Completion.exec(Unknown Source)
	at java.base/java.util.concurrent.ForkJoinTask.doExec(Unknown Source)
	at java.base/java.util.concurrent.ForkJoinPool$WorkQueue.topLevelExec(Unknown Source)
	at java.base/java.util.concurrent.ForkJoinPool.scan(Unknown Source)
	at java.base/java.util.concurrent.ForkJoinPool.runWorker(Unknown Source)
	at java.base/java.util.concurrent.ForkJoinWorkerThread.run(Unknown Source)
Caused by: java.lang.NullPointerException: Cannot invoke "com.google.gson.JsonElement.getAsString()" because the return value of "com.google.gson.JsonObject.get(String)" is null
	at app.freerouting.management.VersionChecker.processResponse(VersionChecker.java:39)
	... 10 more
2026-09-16 08:42:16.859 [Thread-29] INFO  Starting auto-routing...
2026-09-16 08:42:22.470 [Thread-29] INFO  Auto-routing was completed in 5.61 seconds.
2026-09-16 08:42:22.580 [Thread-29] INFO  Starting route optimization on 1 thread...
2026-09-16 08:47:23.735 [Thread-29] INFO  Route optimization was completed in 5 minute(s) 1.15 seconds and it improved the design by ~57.16%.
2026-09-16 08:47:23.746 [Thread-29] INFO  Saving 'out/route-single.ses'...
