** Drc report for wherewatch-carrier.kicad_pcb **
** Created on 2026-09-21T08:28:16 **
** Report includes: Errors, Warnings, Exclusions **

** Found 69 DRC violations **
[silk_edge_clearance]: Silkscreen clipped by board edge
    Rule: board setup constraints silk; warning
    @(14.2000 mm, -13.0277 mm): Polygon on Edge.Cuts
    @(17.4745 mm, 11.0982 mm): Segment of U1 on F.Silkscreen
[silk_edge_clearance]: Silkscreen clipped by board edge
    Rule: board setup constraints silk; warning
    @(14.2000 mm, -13.0277 mm): Polygon on Edge.Cuts
    @(20.4682 mm, -11.3668 mm): Segment of U1 on F.Silkscreen
[silk_edge_clearance]: Silkscreen clipped by board edge
    Rule: board setup constraints silk; warning
    @(14.2000 mm, -13.0277 mm): Polygon on Edge.Cuts
    @(28.4635 mm, -10.8668 mm): Arc of U1 on F.Silkscreen
[silk_edge_clearance]: Silkscreen clipped by board edge
    Rule: board setup constraints silk; warning
    @(14.2000 mm, -13.0277 mm): Polygon on Edge.Cuts
    @(31.4445 mm, 9.1932 mm): Arc of U1 on F.Silkscreen
[silk_edge_clearance]: Silkscreen clipped by board edge
    Rule: board setup constraints silk; warning
    @(14.2000 mm, -13.0277 mm): Polygon on Edge.Cuts
    @(34.2500 mm, 10.6700 mm): Reference field of R4
[silk_edge_clearance]: Silkscreen clipped by board edge
    Rule: board setup constraints silk; warning
    @(14.2000 mm, -13.0277 mm): Polygon on Edge.Cuts
    @(21.7500 mm, 12.4200 mm): Reference field of R11
[silk_edge_clearance]: Silkscreen clipped by board edge
    Rule: board setup constraints silk; warning
    @(14.2000 mm, -13.0277 mm): Polygon on Edge.Cuts
    @(28.7000 mm, 11.5500 mm): Reference field of SW2
[text_height]: Text height out of range (board setup constraints silk text height min height 0.8000 mm; actual 0.7823 mm)
    Rule: board setup constraints silk text height; warning
    @(22.6815 mm, -10.1558 mm): Reference field of U1
[silk_overlap]: Silkscreen clearance
    Rule: board setup constraints silk; warning
    @(33.1783 mm, 0.0000 mm): Reference field of U3
    @(33.3495 mm, 9.1932 mm): Segment of U1 on F.Silkscreen
[silk_over_copper]: Silkscreen clipped by solder mask
    Local override; warning
    @(17.4745 mm, -7.9558 mm): Arc of U1 on F.Silkscreen
    @(16.4045 mm, -6.9398 mm): Pad 1 [VBAT_SENSE] of U1 on F.Cu
[silk_over_copper]: Silkscreen clipped by solder mask
    Local override; warning
    @(15.5695 mm, 9.1932 mm): Segment of U1 on F.Silkscreen
    @(16.4045 mm, -6.9398 mm): Pad 1 [VBAT_SENSE] of U1 on F.Cu
[silk_over_copper]: Silkscreen clipped by solder mask
    Local override; warning
    @(15.5695 mm, 9.1932 mm): Segment of U1 on F.Silkscreen
    @(16.4045 mm, -4.3998 mm): Pad 2 [BTN] of U1 on F.Cu
[silk_over_copper]: Silkscreen clipped by solder mask
    Local override; warning
    @(15.5695 mm, 9.1932 mm): Segment of U1 on F.Silkscreen
    @(16.4045 mm, -1.8598 mm): Pad 3 [GNSS_EN] of U1 on F.Cu
[silk_over_copper]: Silkscreen clipped by solder mask
    Local override; warning
    @(15.5695 mm, 9.1932 mm): Segment of U1 on F.Silkscreen
    @(16.4045 mm, 0.6802 mm): Pad 4 [VIB_IN] of U1 on F.Cu
[silk_over_copper]: Silkscreen clipped by solder mask
    Local override; warning
    @(15.5695 mm, 9.1932 mm): Segment of U1 on F.Silkscreen
    @(16.4045 mm, 3.2202 mm): Pad 5 [SDA] of U1 on F.Cu
[silk_over_copper]: Silkscreen clipped by solder mask
    Local override; warning
    @(15.5695 mm, 9.1932 mm): Segment of U1 on F.Silkscreen
    @(16.4045 mm, 5.7602 mm): Pad 6 [SCL] of U1 on F.Cu
[silk_over_copper]: Silkscreen clipped by solder mask
    Local override; warning
    @(15.5695 mm, 9.1932 mm): Segment of U1 on F.Silkscreen
    @(16.4045 mm, 8.3002 mm): Pad 7 [GNSS_RX] of U1 on F.Cu
[silk_over_copper]: Silkscreen clipped by solder mask
    Local override; warning
    @(17.4745 mm, 9.1932 mm): Arc of U1 on F.Silkscreen
    @(16.4045 mm, 8.3002 mm): Pad 7 [GNSS_RX] of U1 on F.Cu
[silk_over_copper]: Silkscreen clipped by solder mask
    Local override; warning
    @(31.4445 mm, 9.1932 mm): Arc of U1 on F.Silkscreen
    @(32.5695 mm, 8.3002 mm): Pad 8 [GNSS_TX] of U1 on F.Cu
[silk_over_copper]: Silkscreen clipped by solder mask
    Local override; warning
    @(31.4445 mm, -7.9518 mm): Arc of U1 on F.Silkscreen
    @(32.5695 mm, -6.9398 mm): Pad 14 [VBUS] of U1 on F.Cu
[silk_over_copper]: Silkscreen clipped by solder mask
    Local override; warning
    @(33.1783 mm, 0.0000 mm): Reference field of U3
    @(32.5695 mm, 0.6802 mm): Pad 11 [I2S_DIN] of U1 on F.Cu
[silk_over_copper]: Silkscreen clipped by solder mask
    Local override; warning
    @(33.1783 mm, 0.0000 mm): Reference field of U3
    @(32.5695 mm, -1.8598 mm): Pad 12 [+3V3] of U1 on F.Cu
[silk_over_copper]: Silkscreen clipped by solder mask
    Local override; warning
    @(33.3495 mm, 9.1932 mm): Segment of U1 on F.Silkscreen
    @(32.5695 mm, 8.3002 mm): Pad 8 [GNSS_TX] of U1 on F.Cu
[silk_over_copper]: Silkscreen clipped by solder mask
    Local override; warning
    @(33.3495 mm, 9.1932 mm): Segment of U1 on F.Silkscreen
    @(32.5695 mm, 5.7602 mm): Pad 9 [I2S_BCLK] of U1 on F.Cu
[silk_over_copper]: Silkscreen clipped by solder mask
    Local override; warning
    @(33.3495 mm, 9.1932 mm): Segment of U1 on F.Silkscreen
    @(32.5695 mm, 3.2202 mm): Pad 10 [I2S_LRCLK] of U1 on F.Cu
[silk_over_copper]: Silkscreen clipped by solder mask
    Local override; warning
    @(33.3495 mm, 9.1932 mm): Segment of U1 on F.Silkscreen
    @(32.5695 mm, 0.6802 mm): Pad 11 [I2S_DIN] of U1 on F.Cu
[silk_over_copper]: Silkscreen clipped by solder mask
    Local override; warning
    @(33.3495 mm, 9.1932 mm): Segment of U1 on F.Silkscreen
    @(32.5695 mm, -1.8598 mm): Pad 12 [+3V3] of U1 on F.Cu
[silk_over_copper]: Silkscreen clipped by solder mask
    Local override; warning
    @(33.3495 mm, 9.1932 mm): Segment of U1 on F.Silkscreen
    @(32.5695 mm, -4.3998 mm): Pad 13 [GND] of U1 on F.Cu
[silk_over_copper]: Silkscreen clipped by solder mask
    Local override; warning
    @(33.3495 mm, 9.1932 mm): Segment of U1 on F.Silkscreen
    @(32.5695 mm, -6.9398 mm): Pad 14 [VBUS] of U1 on F.Cu
[silk_overlap]: Silkscreen clearance
    Rule: board setup constraints silk; warning
    @(18.2600 mm, 4.3150 mm): Segment of J5 on B.Silkscreen
    @(19.5000 mm, 3.9200 mm): Reference field of R7
[silk_overlap]: Silkscreen clearance
    Rule: board setup constraints silk; warning
    @(21.1700 mm, 0.7000 mm): Reference field of R3
    @(21.7500 mm, 1.9200 mm): Reference field of R8
[silk_overlap]: Silkscreen clearance
    Rule: board setup constraints silk; warning
    @(21.1700 mm, 0.7000 mm): Reference field of R3
    @(21.5964 mm, 0.3700 mm): Segment of R8 on B.Silkscreen
[silk_overlap]: Silkscreen clearance
    Rule: board setup constraints silk; warning
    @(21.1700 mm, 0.7000 mm): Reference field of R3
    @(21.5964 mm, 1.1300 mm): Segment of R8 on B.Silkscreen
[silk_overlap]: Silkscreen clearance
    Rule: board setup constraints silk; warning
    @(41.7000 mm, 0.2965 mm): Reference field of SW1
    @(43.5000 mm, -0.8300 mm): Reference field of R1
[silk_overlap]: Silkscreen clearance
    Rule: board setup constraints silk; warning
    @(25.0000 mm, -0.3400 mm): Reference field of C3
    @(24.7700 mm, 0.3000 mm): Reference field of R6
[silk_overlap]: Silkscreen clearance
    Rule: board setup constraints silk; warning
    @(26.9425 mm, 5.0500 mm): Reference field of U4
    @(27.4500 mm, 5.0500 mm): Segment of SW2 on B.Silkscreen
[silk_overlap]: Silkscreen clearance
    Rule: board setup constraints silk; warning
    @(30.8594 mm, 0.4900 mm): Segment of C2 on B.Silkscreen
    @(30.0000 mm, 0.4300 mm): Reference field of C1
[silk_overlap]: Silkscreen clearance
    Rule: board setup constraints silk; warning
    @(24.5000 mm, -1.5900 mm): Reference field of C5
    @(24.8922 mm, -1.1400 mm): Segment of C3 on B.Silkscreen
[silk_overlap]: Silkscreen clearance
    Rule: board setup constraints silk; warning
    @(24.8922 mm, -1.8600 mm): Segment of C3 on B.Silkscreen
    @(24.5000 mm, -1.5900 mm): Reference field of C5
[silk_overlap]: Silkscreen clearance
    Rule: board setup constraints silk; warning
    @(25.3325 mm, 0.6400 mm): Segment of U4 on B.Silkscreen
    @(24.7700 mm, 0.3000 mm): Reference field of R6
[silk_overlap]: Silkscreen clearance
    Rule: board setup constraints silk; warning
    @(25.8075 mm, 0.6400 mm): Segment of U4 on B.Silkscreen
    @(24.7700 mm, 0.3000 mm): Reference field of R6
[silk_overlap]: Silkscreen clearance
    Rule: board setup constraints silk; warning
    @(26.9425 mm, 5.0500 mm): Reference field of U4
    @(27.0000 mm, 5.5000 mm): Segment of SW2 on B.Silkscreen
[silk_overlap]: Silkscreen clearance
    Rule: board setup constraints silk; warning
    @(27.2500 mm, 0.4200 mm): Reference field of R5
    @(28.5525 mm, 0.6400 mm): Segment of U4 on B.Silkscreen
[silk_overlap]: Silkscreen clearance
    Rule: board setup constraints silk; warning
    @(32.7500 mm, -0.5800 mm): Reference field of R10
    @(32.5964 mm, -0.1200 mm): Segment of R2 on B.Silkscreen
[silk_overlap]: Silkscreen clearance
    Rule: board setup constraints silk; warning
    @(32.7500 mm, -0.5800 mm): Reference field of R10
    @(32.5964 mm, -0.8800 mm): Segment of R2 on B.Silkscreen
[silk_overlap]: Silkscreen clearance
    Rule: board setup constraints silk; warning
    @(36.0100 mm, -7.0600 mm): Segment of Q1 on B.Silkscreen
    @(34.5225 mm, -6.7500 mm): Reference field of D1
[silk_over_copper]: Silkscreen clipped by solder mask
    Local override; warning
    @(17.2500 mm, 3.9100 mm): Reference field of C4
    @(17.4000 mm, 5.1250 mm): Pad MP [<no net>] of J5 on B.Cu
[silk_over_copper]: Silkscreen clipped by solder mask
    Local override; warning
    @(21.7500 mm, 1.9200 mm): Reference field of R8
    @(22.4900 mm, 2.7500 mm): Pad 1 [GNSS_EN] of R9 on B.Cu
[silk_over_copper]: Silkscreen clipped by solder mask
    Local override; warning
    @(21.1700 mm, 0.7000 mm): Reference field of R3
    @(21.2400 mm, 0.7500 mm): Pad 1 [VIB_IN_R] of R8 on B.Cu
[silk_over_copper]: Silkscreen clipped by solder mask
    Local override; warning
    @(40.3775 mm, 2.2000 mm): Reference field of U2
    @(40.0000 mm, 3.5250 mm): Pad MP [<no net>] of J6 on B.Cu
[silk_over_copper]: Silkscreen clipped by solder mask
    Local override; warning
    @(41.7000 mm, 0.2965 mm): Reference field of SW1
    @(41.5400 mm, -0.2500 mm): Pad 9 [unconnected-(U2-INT2-Pad9)] of U2 on B.Cu
[silk_over_copper]: Silkscreen clipped by solder mask
    Local override; warning
    @(41.7000 mm, 0.2965 mm): Reference field of SW1
    @(41.5400 mm, 0.2500 mm): Pad 10 [unconnected-(U2-NC-Pad10)] of U2 on B.Cu
[silk_over_copper]: Silkscreen clipped by solder mask
    Local override; warning
    @(41.7000 mm, 0.2965 mm): Reference field of SW1
    @(41.5400 mm, 0.7500 mm): Pad 11 [unconnected-(U2-NC-Pad11)] of U2 on B.Cu
[silk_over_copper]: Silkscreen clipped by solder mask
    Local override; warning
    @(41.7000 mm, 0.2965 mm): Reference field of SW1
    @(40.8775 mm, 0.9125 mm): Pad 12 [+3V3] of U2 on B.Cu
[silk_over_copper]: Silkscreen clipped by solder mask
    Local override; warning
    @(41.7000 mm, 0.2965 mm): Reference field of SW1
    @(40.3775 mm, 0.9125 mm): Pad 13 [SCL] of U2 on B.Cu
[silk_over_copper]: Silkscreen clipped by solder mask
    Local override; warning
    @(31.0000 mm, 2.4300 mm): Reference field of C2
    @(30.2250 mm, 3.0000 mm): Pad 1 [+3V3] of C6 on B.Cu
[silk_over_copper]: Silkscreen clipped by solder mask
    Local override; warning
    @(30.0000 mm, 0.4300 mm): Reference field of C1
    @(30.2250 mm, 1.0000 mm): Pad 1 [VBAT] of C2 on B.Cu
[silk_over_copper]: Silkscreen clipped by solder mask
    Local override; warning
    @(24.5000 mm, -1.5900 mm): Reference field of C5
    @(24.5200 mm, -1.5000 mm): Pad 1 [VBAT] of C3 on B.Cu
[silk_over_copper]: Silkscreen clipped by solder mask
    Local override; warning
    @(24.5000 mm, -1.5900 mm): Reference field of C5
    @(25.4800 mm, -1.5000 mm): Pad 2 [GND] of C3 on B.Cu
[silk_over_copper]: Silkscreen clipped by solder mask
    Local override; warning
    @(26.9425 mm, 5.0500 mm): Reference field of U4
    @(25.5500 mm, 5.9000 mm): Pad 2 [GND] of SW2 on B.Cu
[silk_over_copper]: Silkscreen clipped by solder mask
    Local override; warning
    @(27.2500 mm, 0.4200 mm): Reference field of R5
    @(27.6925 mm, 0.8125 mm): Pad 8 [VBAT] of U4 on B.Cu
[silk_over_copper]: Silkscreen clipped by solder mask
    Local override; warning
    @(27.2500 mm, 0.4200 mm): Reference field of R5
    @(26.6925 mm, 0.8125 mm): Pad 6 [unconnected-(U4-NC-Pad6)] of U4 on B.Cu
[silk_over_copper]: Silkscreen clipped by solder mask
    Local override; warning
    @(27.2500 mm, 0.4200 mm): Reference field of R5
    @(27.1925 mm, 0.8125 mm): Pad 7 [VBAT] of U4 on B.Cu
[silk_over_copper]: Silkscreen clipped by solder mask
    Local override; warning
    @(32.7500 mm, 0.6700 mm): Reference field of R2
    @(31.7750 mm, 1.0000 mm): Pad 2 [GND] of C2 on B.Cu
[silk_over_copper]: Silkscreen clipped by solder mask
    Local override; warning
    @(28.7000 mm, -1.8200 mm): Reference field of J4
    @(29.2250 mm, -1.0000 mm): Pad 1 [+3V3] of C1 on B.Cu
[silk_over_copper]: Silkscreen clipped by solder mask
    Local override; warning
    @(32.7500 mm, -0.5800 mm): Reference field of R10
    @(33.2600 mm, -0.5000 mm): Pad 2 [VBUS_DET] of R2 on B.Cu
[silk_over_copper]: Silkscreen clipped by solder mask
    Local override; warning
    @(32.7500 mm, -0.5800 mm): Reference field of R10
    @(32.2400 mm, -0.5000 mm): Pad 1 [VBUS] of R2 on B.Cu
[silk_over_copper]: Silkscreen clipped by solder mask
    Local override; warning
    @(34.5225 mm, -6.7500 mm): Reference field of D1
    @(34.3125 mm, -6.4500 mm): Pad 2 [BAT_RAW] of Q1 on B.Cu
[silk_over_copper]: Silkscreen clipped by solder mask
    Local override; warning
    @(31.0000 mm, 2.4300 mm): Reference field of C2
    @(31.7750 mm, 3.0000 mm): Pad 2 [GND] of C6 on B.Cu

** Found 0 unconnected pads **

** Found 0 Footprint errors **

** Ignored checks **
    - Footprint has no courtyard defined
    - Track endpoint not centered on via
    - Tuning profile track geometries
    - Footprint doesn't match symbol's footprint filters
    - Footprint component type doesn't match footprint pads

** End of Report **
